// Jest Snapshot v1, https://goo.gl/fbAQLP

exports[`<Star /> renders without crashing 1`] = `
Object {
  "asFragment": [Function],
  "baseElement": <body>
    <div>
      <div
        class="star star__StyledStarWrapper-rpuh9t-0 eqgmNX"
      >
        <svg
          class="filled-circle__Svg-sc-1gwuu5l-0 gHjgAd"
          viewBox="0 0 3623 3623"
          xmlns="http://www.w3.org/2000/svg"
        >
          <circle
            class="filled-circle__StyledCircle-sc-1gwuu5l-1 gmdpkH"
            color="#ffffff"
            cx="1811.5"
            cy="1811.5"
            r="1811.5"
          />
        </svg>
      </div>
    </div>
  </body>,
  "container": <div>
    <div
      class="star star__StyledStarWrapper-rpuh9t-0 eqgmNX"
    >
      <svg
        class="filled-circle__Svg-sc-1gwuu5l-0 gHjgAd"
        viewBox="0 0 3623 3623"
        xmlns="http://www.w3.org/2000/svg"
      >
        <circle
          class="filled-circle__StyledCircle-sc-1gwuu5l-1 gmdpkH"
          color="#ffffff"
          cx="1811.5"
          cy="1811.5"
          r="1811.5"
        />
      </svg>
    </div>
  </div>,
  "debug": [Function],
  "findAllByAltText": [Function],
  "findAllByDisplayValue": [Function],
  "findAllByLabelText": [Function],
  "findAllByPlaceholderText": [Function],
  "findAllByRole": [Function],
  "findAllByTestId": [Function],
  "findAllByText": [Function],
  "findAllByTitle": [Function],
  "findByAltText": [Function],
  "findByDisplayValue": [Function],
  "findByLabelText": [Function],
  "findByPlaceholderText": [Function],
  "findByRole": [Function],
  "findByTestId": [Function],
  "findByText": [Function],
  "findByTitle": [Function],
  "getAllByAltText": [Function],
  "getAllByDisplayValue": [Function],
  "getAllByLabelText": [Function],
  "getAllByPlaceholderText": [Function],
  "getAllByRole": [Function],
  "getAllByTestId": [Function],
  "getAllByText": [Function],
  "getAllByTitle": [Function],
  "getByAltText": [Function],
  "getByDisplayValue": [Function],
  "getByLabelText": [Function],
  "getByPlaceholderText": [Function],
  "getByRole": [Function],
  "getByTestId": [Function],
  "getByText": [Function],
  "getByTitle": [Function],
  "queryAllByAltText": [Function],
  "queryAllByDisplayValue": [Function],
  "queryAllByLabelText": [Function],
  "queryAllByPlaceholderText": [Function],
  "queryAllByRole": [Function],
  "queryAllByTestId": [Function],
  "queryAllByText": [Function],
  "queryAllByTitle": [Function],
  "queryByAltText": [Function],
  "queryByDisplayValue": [Function],
  "queryByLabelText": [Function],
  "queryByPlaceholderText": [Function],
  "queryByRole": [Function],
  "queryByTestId": [Function],
  "queryByText": [Function],
  "queryByTitle": [Function],
  "rerender": [Function],
  "unmount": [Function],
}
`;
