// Jest Snapshot v1, https://goo.gl/fbAQLP

exports[`<IceCreamAnimation /> renders without crashing 1`] = `
Object {
  "asFragment": [Function],
  "baseElement": <body>
    <div>
      <div
        class="styled__StyledContent-sc-1sgmipm-0 KDJeb"
      >
        <div
          class="icecream-container"
        >
          <div
            class="icecream icecream-1  "
          >
            <div
              class="cone cone-1  "
              style="transform: translateY(150vh) translateZ(0);"
            >
              <svg
                preserveAspectRatio="none"
                viewBox="0 0 100 100"
              >
                <polygon
                  class="cone-polygon"
                  points="25,0 75,0 50,100"
                />
              </svg>
            </div>
            <div
              class="scoops"
            >
              <div
                class="scoops-inner scoop-becomes-sun"
              />
            </div>
          </div>
          <div
            class="icecream icecream-2  "
          >
            <div
              class="cone cone-2  "
              style="transform: translateY(150vh) translateZ(0);"
            >
              <svg
                preserveAspectRatio="none"
                viewBox="0 0 100 100"
              >
                <polygon
                  class="cone-polygon"
                  points="25,0 75,0 50,100"
                />
              </svg>
            </div>
            <div
              class="scoops"
            >
              <div
                class="scoops-inner scoop-becomes-sun"
              />
            </div>
          </div>
        </div>
      </div>
    </div>
  </body>,
  "container": <div>
    <div
      class="styled__StyledContent-sc-1sgmipm-0 KDJeb"
    >
      <div
        class="icecream-container"
      >
        <div
          class="icecream icecream-1  "
        >
          <div
            class="cone cone-1  "
            style="transform: translateY(150vh) translateZ(0);"
          >
            <svg
              preserveAspectRatio="none"
              viewBox="0 0 100 100"
            >
              <polygon
                class="cone-polygon"
                points="25,0 75,0 50,100"
              />
            </svg>
          </div>
          <div
            class="scoops"
          >
            <div
              class="scoops-inner scoop-becomes-sun"
            />
          </div>
        </div>
        <div
          class="icecream icecream-2  "
        >
          <div
            class="cone cone-2  "
            style="transform: translateY(150vh) translateZ(0);"
          >
            <svg
              preserveAspectRatio="none"
              viewBox="0 0 100 100"
            >
              <polygon
                class="cone-polygon"
                points="25,0 75,0 50,100"
              />
            </svg>
          </div>
          <div
            class="scoops"
          >
            <div
              class="scoops-inner scoop-becomes-sun"
            />
          </div>
        </div>
      </div>
    </div>
  </div>,
  "debug": [Function],
  "findAllByAltText": [Function],
  "findAllByDisplayValue": [Function],
  "findAllByLabelText": [Function],
  "findAllByPlaceholderText": [Function],
  "findAllByRole": [Function],
  "findAllByTestId": [Function],
  "findAllByText": [Function],
  "findAllByTitle": [Function],
  "findByAltText": [Function],
  "findByDisplayValue": [Function],
  "findByLabelText": [Function],
  "findByPlaceholderText": [Function],
  "findByRole": [Function],
  "findByTestId": [Function],
  "findByText": [Function],
  "findByTitle": [Function],
  "getAllByAltText": [Function],
  "getAllByDisplayValue": [Function],
  "getAllByLabelText": [Function],
  "getAllByPlaceholderText": [Function],
  "getAllByRole": [Function],
  "getAllByTestId": [Function],
  "getAllByText": [Function],
  "getAllByTitle": [Function],
  "getByAltText": [Function],
  "getByDisplayValue": [Function],
  "getByLabelText": [Function],
  "getByPlaceholderText": [Function],
  "getByRole": [Function],
  "getByTestId": [Function],
  "getByText": [Function],
  "getByTitle": [Function],
  "queryAllByAltText": [Function],
  "queryAllByDisplayValue": [Function],
  "queryAllByLabelText": [Function],
  "queryAllByPlaceholderText": [Function],
  "queryAllByRole": [Function],
  "queryAllByTestId": [Function],
  "queryAllByText": [Function],
  "queryAllByTitle": [Function],
  "queryByAltText": [Function],
  "queryByDisplayValue": [Function],
  "queryByLabelText": [Function],
  "queryByPlaceholderText": [Function],
  "queryByRole": [Function],
  "queryByTestId": [Function],
  "queryByText": [Function],
  "queryByTitle": [Function],
  "rerender": [Function],
  "unmount": [Function],
}
`;
